<html lang="zh-cn" data-darkmode="false"><head>
	<meta charset="utf-8">
	<title>OWRT - LuCI</title>
		<script>
			var mediaQuery = window.matchMedia('(prefers-color-scheme: dark)'),
				rootElement = document.querySelector(':root'),
				setDarkMode = function(match) { rootElement.setAttribute('data-darkmode', match.matches) };

			mediaQuery.addEventListener('change', setDarkMode);
			setDarkMode(mediaQuery);
		</script>
	<meta name="viewport" content="initial-scale=1.0">
	<link rel="stylesheet" href="/luci-static/design/main.css?v=6.0.0">
	<link rel="stylesheet" media="only screen and (max-device-width: 854px)" href="/luci-static/design/mobile.css?v=6.0.0">
	<link rel="icon" href="/luci-static/design/images/logo_48.png" sizes="48x48">
	<link rel="icon" href="/luci-static/design/images/logo.svg" sizes="any">
	<script src="/cgi-bin/luci/admin/translations/zh-cn"></script>
	<script src="/luci-static/resources/cbi.js?v=6.0.0"></script>
</head>

<body class="lang_zh-cn " data-page="admin-status-logs-dmesg">
	<header>
		<a class="brand" href="/">OWRT</a>
		<ul class="nav" id="topmenu" style=""><li class="dropdown"><a class="menu" href="#">状态</a><ul class="dropdown-menu"><li class=""><a class="" href="/cgi-bin/luci/admin/status/overview">概览</a></li><li class=""><a class="" href="/cgi-bin/luci/admin/status/routes">路由</a></li><li class=""><a class="" href="/cgi-bin/luci/admin/status/nftables">防火墙</a></li><li class=""><a class="" href="/cgi-bin/luci/admin/status/logs">系统日志</a></li><li class=""><a class="" href="/cgi-bin/luci/admin/status/processes">系统进程</a></li><li class=""><a class="" href="/cgi-bin/luci/admin/status/realtime">实时信息</a></li></ul></li><li class="dropdown"><a class="menu" href="#">系统</a><ul class="dropdown-menu"><li class=""><a class="" href="/cgi-bin/luci/admin/system/system">系统</a></li><li class=""><a class="" href="/cgi-bin/luci/admin/system/admin">管理权</a></li><li class=""><a class="" href="/cgi-bin/luci/admin/system/package-manager">软件包</a></li><li class=""><a class="" href="/cgi-bin/luci/admin/system/startup">启动项</a></li><li class=""><a class="" href="/cgi-bin/luci/admin/system/crontab">计划任务</a></li><li class=""><a class="" href="/cgi-bin/luci/admin/system/mounts">挂载点</a></li><li class=""><a class="" href="/cgi-bin/luci/admin/system/partexp">分区扩容</a></li><li class=""><a class="" href="/cgi-bin/luci/admin/system/flash">备份与升级</a></li><li class=""><a class="" href="/cgi-bin/luci/admin/system/autoreboot">定时重启</a></li><li class=""><a class="" href="/cgi-bin/luci/admin/system/reboot">重启</a></li></ul></li><li class="dropdown"><a class="menu" href="#">服务</a><ul class="dropdown-menu"><li class=""><a class="" href="/cgi-bin/luci/admin/services/homeproxy">HomeProxy</a></li><li class=""><a class="" href="/cgi-bin/luci/admin/services/wolplus">Wake on LAN +</a></li><li class=""><a class="" href="/cgi-bin/luci/admin/services/upnp">UPnP IGD 和 PCP</a></li></ul></li><li class="dropdown"><a class="menu" href="#">Docker</a><ul class="dropdown-menu"><li class=""><a class="" href="/cgi-bin/luci/admin/docker/overview">概览</a></li><li class=""><a class="" href="/cgi-bin/luci/admin/docker/containers">容器</a></li><li class=""><a class="" href="/cgi-bin/luci/admin/docker/images">镜像</a></li><li class=""><a class="" href="/cgi-bin/luci/admin/docker/networks">网络</a></li><li class=""><a class="" href="/cgi-bin/luci/admin/docker/volumes">存储卷</a></li><li class=""><a class="" href="/cgi-bin/luci/admin/docker/events">事件</a></li><li class=""><a class="" href="/cgi-bin/luci/admin/docker/config">配置</a></li></ul></li><li class="dropdown"><a class="menu" href="#">NAS</a><ul class="dropdown-menu"><li class=""><a class="" href="/cgi-bin/luci/admin/nas/samba4">网络共享</a></li></ul></li><li class="dropdown"><a class="menu" href="#">管控</a><ul class="dropdown-menu"><li class=""><a class="" href="/cgi-bin/luci/admin/control/gecoosac">集客AC控制器</a></li></ul></li><li class="dropdown"><a class="menu" href="#">VPN</a><ul class="dropdown-menu"><li class=""><a class="" href="/cgi-bin/luci/admin/vpn/tailscale">Tailscale</a></li></ul></li><li class="dropdown"><a class="menu" href="#">网络</a><ul class="dropdown-menu"><li class=""><a class="" href="/cgi-bin/luci/admin/network/network">接口</a></li><li class=""><a class="" href="/cgi-bin/luci/admin/network/routes">路由</a></li><li class=""><a class="" href="/cgi-bin/luci/admin/network/dhcp">DHCP/DNS</a></li><li class=""><a class="" href="/cgi-bin/luci/admin/network/diagnostics">网络诊断</a></li><li class=""><a class="" href="/cgi-bin/luci/admin/network/firewall">防火墙</a></li><li class=""><a class="" href="/cgi-bin/luci/admin/network/netspeedtest">网速测试</a></li></ul></li><li class=""><a class="" href="/cgi-bin/luci/admin/logout">退出</a></li></ul>
		<div id="indicators" class="pull-right"><span data-indicator="poll-status" data-clickable="true" data-style="active">刷新</span></div>
	</header>

	<div id="maincontent" class="container">
			<div class="alert-message warning">
				<h4>未设置密码！</h4>
				<p>尚未设置密码。请为 root 用户设置密码以保护主机。</p>
				  <div class="right"><a class="btn" href="/cgi-bin/luci/admin/system/admin">跳转到密码配置页…</a></div>
			</div>


		<noscript>
			<div class="alert-message warning">
				<h4>需要 JavaScript！</h4>
				<p>必须开启浏览器的 JavaScript 支持，否则 LuCI 无法正常工作。</p>
			</div>
		</noscript>

		<div id="tabmenu" style=""><ul class="tabs"><li class="tabmenu-item-syslog "><a href="/cgi-bin/luci/admin/status/logs/syslog">系统日志</a></li><li class="tabmenu-item-dmesg  active"><a href="/cgi-bin/luci/admin/status/logs/dmesg">内核日志</a></li></ul></div>
<script src="/luci-static/resources/luci.js?v=25.223.43876~c376aa8-1755094064"></script>
<script>
L = new LuCI({ "media": "\/luci-static\/design", "resource": "\/luci-static\/resources", "scriptname": "\/cgi-bin\/luci", "pathinfo": "\/admin\/status\/logs\/dmesg", "documentroot": "\/www", "requestpath": [ "admin", "status", "logs", "dmesg" ], "dispatchpath": [ "admin", "status", "logs", "dmesg" ], "pollinterval": 5, "ubuspath": "\/ubus\/", "sessionid": "aee0a64dbf874765dc49414c97db62d6", "token": "05ac74ea092a0f61acb0f36b6c4f01ab", "nodespec": { "satisfied": true, "action": { "type": "view", "path": "status\/dmesg" }, "order": 2, "title": "Kernel Log", "readonly": true }, "apply_rollback": 90, "apply_holdoff": 4, "apply_timeout": 5, "apply_display": 1.5, "rollback_token": null });
</script>

<div id="view"><h2>内核日志</h2><div id="content_syslog"><div style="margin-bottom:10px"><label for="invertLogFacilitySearch" style="margin-right:5px">排除</label><input id="invertLogRangeTime" type="checkbox" class="cbi-input-checkbox"><label for="logFacilitySelect" style="margin: 0 5px">中间：</label><input id="logFromTime" class="cbi-input-text" style="margin-bottom:10px" type="number" min="0" step="0.1" placeholder="0.000000"><label for="logSeveritySelect" style="margin: 0 5px">和：</label><input id="logToTime" class="cbi-input-text" style="margin-bottom:10px" type="number" min="0" step="0.1" placeholder="0.000000"></div><div style="margin-bottom:10px"><label for="invertLogSeveritySearch" style="margin-right:5px">排除</label><input id="invertSeverity" type="checkbox" class="cbi-input-checkbox">&nbsp;<select id="logSeveritySelect" class="cbi-input-select"><option value="">默认</option><option value="1">警报</option><option value="2">严重</option><option value="3">错误</option><option value="4">警告</option><option value="5">注意</option><option value="6">信息</option><option value="7">调试</option></select><label for="logSeveritySelect" style="margin: 0 5px">和上面</label></div><div style="margin-bottom:10px"><label for="invertAscendingSort" style="margin-right:5px">反向排序</label><input id="invertAscendingSort" type="checkbox" class="cbi-input-checkbox"></div><div style="margin-bottom:10px"><label for="invertLogTextSearch" style="margin-right:5px">排除</label><input id="invertLogTextSearch" type="checkbox" class="cbi-input-checkbox"><label for="logTextFilter" style="margin: 0 5px">包含:</label><input id="logTextFilter" class="cbi-input-text"></div><div style="padding-bottom: 20px"><button id="scrollDownButton" class="cbi-button cbi-button-neutral">滚动到底部</button></div><textarea id="syslog" style="font-size:12px" readonly="readonly" wrap="off" rows="913">[    0.000000] Linux version 6.12.40 (runner@pkrvmsl9tci6h6u) (x86_64-openwrt-linux-musl-gcc (OpenWrt GCC 14.3.0 r0-f4dbb65) 14.3.0, GNU ld (GNU Binutils) 2.42) #0 SMP Tue Aug 12 14:13:31 2025
[    0.000000] Command line: BOOT_IMAGE=/boot/vmlinuz root=PARTUUID=6e6148a6-e1ee-cf0b-c2f2-4527a270b102 rootwait console=tty1 console=ttyS0,115200n8 noinitrd
[    0.000000] BIOS-provided physical RAM map:
[    0.000000] BIOS-e820: [mem 0x0000000000000000-0x000000000009fbff] usable
[    0.000000] BIOS-e820: [mem 0x000000000009fc00-0x000000000009ffff] reserved
[    0.000000] BIOS-e820: [mem 0x00000000000f0000-0x00000000000fffff] reserved
[    0.000000] BIOS-e820: [mem 0x0000000000100000-0x000000007ffd2fff] usable
[    0.000000] BIOS-e820: [mem 0x000000007ffd3000-0x000000007fffffff] reserved
[    0.000000] BIOS-e820: [mem 0x00000000b0000000-0x00000000bfffffff] reserved
[    0.000000] BIOS-e820: [mem 0x00000000fed1c000-0x00000000fed1ffff] reserved
[    0.000000] BIOS-e820: [mem 0x00000000feffc000-0x00000000feffffff] reserved
[    0.000000] BIOS-e820: [mem 0x00000000fffc0000-0x00000000ffffffff] reserved
[    0.000000] NX (Execute Disable) protection: active
[    0.000000] APIC: Static calls initialized
[    0.000000] SMBIOS 2.8 present.
[    0.000000] DMI: QEMU Standard PC (Q35 + ICH9, 2009), BIOS rel-1.16.3-0-ga6ed6b701f0a-prebuilt.qemu.org 04/01/2014
[    0.000000] DMI: Memory slots populated: 1/1
[    0.000000] Hypervisor detected: KVM
[    0.000000] kvm-clock: Using msrs 4b564d01 and 4b564d00
[    0.000000] kvm-clock: using sched offset of 2277449561023 cycles
[    0.000002] clocksource: kvm-clock: mask: 0xffffffffffffffff max_cycles: 0x1cd42e4dffb, max_idle_ns: 881590591483 ns
[    0.000004] tsc: Detected 806.400 MHz processor
[    0.000471] e820: update [mem 0x00000000-0x00000fff] usable ==&gt; reserved
[    0.000473] e820: remove [mem 0x000a0000-0x000fffff] usable
[    0.000477] last_pfn = 0x7ffd3 max_arch_pfn = 0x400000000
[    0.000505] MTRR map: 4 entries (3 fixed + 1 variable; max 19), built from 8 variable MTRRs
[    0.000508] x86/PAT: Configuration [0-7]: WB  WC  UC- UC  WB  WP  UC- WT  
[    0.004062] found SMP MP-table at [mem 0x000f5420-0x000f542f]
[    0.004069] Using GB pages for direct mapping
[    0.004209] ACPI: Early table checksum verification disabled
[    0.004211] ACPI: RSDP 0x00000000000F5200 000014 (v00 BOCHS )
[    0.004214] ACPI: RSDT 0x000000007FFE5B81 00003C (v01 BOCHS  BXPC     00000001 BXPC 00000001)
[    0.004218] ACPI: FACP 0x000000007FFE5897 0000F4 (v03 BOCHS  BXPC     00000001 BXPC 00000001)
[    0.004222] ACPI: DSDT 0x000000007FFDF040 006857 (v01 BOCHS  BXPC     00000001 BXPC 00000001)
[    0.004224] ACPI: FACS 0x000000007FFDF000 000040
[    0.004226] ACPI: APIC 0x000000007FFE598B 000090 (v03 BOCHS  BXPC     00000001 BXPC 00000001)
[    0.004227] ACPI: SSDT 0x000000007FFE5A1B 0000CA (v01 BOCHS  VMGENID  00000001 BXPC 00000001)
[    0.004229] ACPI: HPET 0x000000007FFE5AE5 000038 (v01 BOCHS  BXPC     00000001 BXPC 00000001)
[    0.004231] ACPI: MCFG 0x000000007FFE5B1D 00003C (v01 BOCHS  BXPC     00000001 BXPC 00000001)
[    0.004232] ACPI: WAET 0x000000007FFE5B59 000028 (v01 BOCHS  BXPC     00000001 BXPC 00000001)
[    0.004234] ACPI: Reserving FACP table memory at [mem 0x7ffe5897-0x7ffe598a]
[    0.004235] ACPI: Reserving DSDT table memory at [mem 0x7ffdf040-0x7ffe5896]
[    0.004236] ACPI: Reserving FACS table memory at [mem 0x7ffdf000-0x7ffdf03f]
[    0.004236] ACPI: Reserving APIC table memory at [mem 0x7ffe598b-0x7ffe5a1a]
[    0.004237] ACPI: Reserving SSDT table memory at [mem 0x7ffe5a1b-0x7ffe5ae4]
[    0.004237] ACPI: Reserving HPET table memory at [mem 0x7ffe5ae5-0x7ffe5b1c]
[    0.004238] ACPI: Reserving MCFG table memory at [mem 0x7ffe5b1d-0x7ffe5b58]
[    0.004238] ACPI: Reserving WAET table memory at [mem 0x7ffe5b59-0x7ffe5b80]
[    0.004268] Zone ranges:
[    0.004269]   DMA      [mem 0x0000000000001000-0x0000000000ffffff]
[    0.004271]   DMA32    [mem 0x0000000001000000-0x000000007ffd2fff]
[    0.004272]   Normal   empty
[    0.004272] Movable zone start for each node
[    0.004273] Early memory node ranges
[    0.004273]   node   0: [mem 0x0000000000001000-0x000000000009efff]
[    0.004274]   node   0: [mem 0x0000000000100000-0x000000007ffd2fff]
[    0.004275] Initmem setup node 0 [mem 0x0000000000001000-0x000000007ffd2fff]
[    0.004281] On node 0, zone DMA: 1 pages in unavailable ranges
[    0.004306] On node 0, zone DMA: 97 pages in unavailable ranges
[    0.007650] On node 0, zone DMA32: 45 pages in unavailable ranges
[    0.010136] ACPI: PM-Timer IO Port: 0x608
[    0.010146] ACPI: LAPIC_NMI (acpi_id[0xff] dfl dfl lint[0x1])
[    0.010185] IOAPIC[0]: apic_id 0, version 17, address 0xfec00000, GSI 0-23
[    0.010187] ACPI: INT_SRC_OVR (bus 0 bus_irq 0 global_irq 2 dfl dfl)
[    0.010189] ACPI: INT_SRC_OVR (bus 0 bus_irq 5 global_irq 5 high level)
[    0.010190] ACPI: INT_SRC_OVR (bus 0 bus_irq 9 global_irq 9 high level)
[    0.010190] ACPI: INT_SRC_OVR (bus 0 bus_irq 10 global_irq 10 high level)
[    0.010191] ACPI: INT_SRC_OVR (bus 0 bus_irq 11 global_irq 11 high level)
[    0.010194] ACPI: Using ACPI (MADT) for SMP configuration information
[    0.010194] ACPI: HPET id: 0x8086a201 base: 0xfed00000
[    0.010197] TSC deadline timer available
[    0.010201] CPU topo: Max. logical packages:   2
[    0.010201] CPU topo: Max. logical dies:       2
[    0.010202] CPU topo: Max. dies per package:   1
[    0.010204] CPU topo: Max. threads per core:   1
[    0.010205] CPU topo: Num. cores per package:     2
[    0.010205] CPU topo: Num. threads per package:   2
[    0.010206] CPU topo: Allowing 4 present CPUs plus 0 hotplug CPUs
[    0.010217] kvm-guest: APIC: eoi() replaced with kvm_guest_apic_eoi_write()
[    0.010225] kvm-guest: KVM setup pv remote TLB flush
[    0.010228] kvm-guest: setup PV sched yield
[    0.010234] [mem 0xc0000000-0xfed1bfff] available for PCI devices
[    0.010235] Booting paravirtualized kernel on KVM
[    0.010237] clocksource: refined-jiffies: mask: 0xffffffff max_cycles: 0xffffffff, max_idle_ns: 19112604462750000 ns
[    0.010240] setup_percpu: NR_CPUS:512 nr_cpumask_bits:4 nr_cpu_ids:4 nr_node_ids:1
[    0.010459] percpu: Embedded 48 pages/cpu s157976 r8192 d30440 u524288
[    0.010463] pcpu-alloc: s157976 r8192 d30440 u524288 alloc=1*2097152
[    0.010465] pcpu-alloc: [0] 0 1 2 3 
[    0.010490] kvm-guest: PV spinlocks enabled
[    0.010492] PV qspinlock hash table entries: 256 (order: 0, 4096 bytes, linear)
[    0.010494] Kernel command line: BOOT_IMAGE=/boot/vmlinuz root=PARTUUID=6e6148a6-e1ee-cf0b-c2f2-4527a270b102 rootwait console=tty1 console=ttyS0,115200n8 noinitrd
[    0.010530] Unknown kernel command line parameters "BOOT_IMAGE=/boot/vmlinuz", will be passed to user space.
[    0.010540] random: crng init done
[    0.010723] Dentry cache hash table entries: 262144 (order: 9, 2097152 bytes, linear)
[    0.010809] Inode-cache hash table entries: 131072 (order: 8, 1048576 bytes, linear)
[    0.010852] Built 1 zonelists, mobility grouping on.  Total pages: 524145
[    0.010854] mem auto-init: stack:off, heap alloc:off, heap free:off
[    0.014547] SLUB: HWalign=64, Order=0-3, MinObjects=0, CPUs=4, Nodes=1
[    0.014613] rcu: Hierarchical RCU implementation.
[    0.014614] rcu: 	RCU restricting CPUs from NR_CPUS=512 to nr_cpu_ids=4.
[    0.014615] 	Tracing variant of Tasks RCU enabled.
[    0.014616] rcu: RCU calculated value of scheduler-enlistment delay is 10 jiffies.
[    0.014616] rcu: Adjusting geometry for rcu_fanout_leaf=16, nr_cpu_ids=4
[    0.014621] RCU Tasks Trace: Setting shift to 2 and lim to 1 rcu_task_cb_adjust=1 rcu_task_cpu_ids=4.
[    0.014623] NR_IRQS: 33024, nr_irqs: 456, preallocated irqs: 16
[    0.014800] rcu: srcu_init: Setting srcu_struct sizes based on contention.
[    0.022358] Console: colour VGA+ 80x25
[    0.022361] printk: legacy console [tty1] enabled
[    0.049092] printk: legacy console [ttyS0] enabled
[    0.097049] ACPI: Core revision 20240827
[    0.097654] clocksource: hpet: mask: 0xffffffff max_cycles: 0xffffffff, max_idle_ns: 19112604467 ns
[    0.098737] APIC: Switch to symmetric I/O mode setup
[    0.099512] x2apic enabled
[    0.100110] APIC: Switched APIC routing to: physical x2apic
[    0.100733] kvm-guest: APIC: send_IPI_mask() replaced with kvm_send_ipi_mask()
[    0.101561] kvm-guest: APIC: send_IPI_mask_allbutself() replaced with kvm_send_ipi_mask_allbutself()
[    0.102559] kvm-guest: setup PV IPIs
[    0.103894] ..TIMER: vector=0x30 apic1=0 pin1=2 apic2=-1 pin2=-1
[    0.104580] clocksource: tsc-early: mask: 0xffffffffffffffff max_cycles: 0xb9fb05486c, max_idle_ns: 440795231721 ns
[    0.105695] Calibrating delay loop (skipped) preset value.. 1612.80 BogoMIPS (lpj=8064000)
[    0.106719] x86/cpu: User Mode Instruction Prevention (UMIP) activated
[    0.107560] Last level iTLB entries: 4KB 0, 2MB 0, 4MB 0
[    0.108170] Last level dTLB entries: 4KB 0, 2MB 0, 4MB 0, 1GB 0
[    0.115703] Spectre V1 : Mitigation: usercopy/swapgs barriers and __user pointer sanitization
[    0.116646] Spectre V2 : Mitigation: Enhanced / Automatic IBRS
[    0.117277] Spectre V2 : mitigation: Enabling conditional Indirect Branch Prediction Barrier
[    0.118187] Speculative Store Bypass: Mitigation: Speculative Store Bypass disabled via prctl
[    0.119104] Register File Data Sampling: Mitigation: Clear Register File
[    0.119822] x86/fpu: Supporting XSAVE feature 0x001: 'x87 floating point registers'
[    0.120843] x86/fpu: Supporting XSAVE feature 0x002: 'SSE registers'
[    0.121668] x86/fpu: Supporting XSAVE feature 0x004: 'AVX registers'
[    0.122492] x86/fpu: xstate_offset[2]:  576, xstate_sizes[2]:  256
[    0.123297] x86/fpu: Enabled xstate features 0x7, context size is 832 bytes, using 'compacted' format.
[    0.130999] Freeing SMP alternatives memory: 40K
[    0.131651] pid_max: default: 32768 minimum: 301
[    0.132336] Mount-cache hash table entries: 4096 (order: 3, 32768 bytes, linear)
[    0.133330] Mountpoint-cache hash table entries: 4096 (order: 3, 32768 bytes, linear)
[    0.134572] smpboot: CPU0: Intel(R) N100 (family: 0x6, model: 0xbe, stepping: 0x0)
[    0.135694] Performance Events: Gracemont events, full-width counters, Intel PMU driver.
[    0.135694] ... version:                2
[    0.135694] ... bit width:              48
[    0.135694] ... generic registers:      6
[    0.135694] ... value mask:             0000ffffffffffff
[    0.135694] ... max period:             00007fffffffffff
[    0.135694] ... fixed-purpose events:   3
[    0.135694] ... event mask:             000000070000003f
[    0.135694] signal: max sigframe size: 1360
[    0.135694] rcu: Hierarchical SRCU implementation.
[    0.135694] rcu: 	Max phase no-delay instances is 1000.
[    0.135694] smp: Bringing up secondary CPUs ...
[    0.135694] smpboot: x86: Booting SMP configuration:
[    0.135958] .... node  #0, CPUs:      #1 #2 #3
[    0.146240] smp: Brought up 1 node, 4 CPUs
[    0.147444] smpboot: Total of 4 processors activated (6451.20 BogoMIPS)
[    0.148769] Memory: 2032612K/2096580K available (14336K kernel code, 1159K rwdata, 3900K rodata, 1480K init, 1336K bss, 59800K reserved, 0K cma-reserved)
[    0.156003] clocksource: jiffies: mask: 0xffffffff max_cycles: 0xffffffff, max_idle_ns: 19112604462750000 ns
[    0.157321] futex hash table entries: 1024 (order: 4, 65536 bytes, linear)
[    0.158227] pinctrl core: initialized pinctrl subsystem
[    0.159488] NET: Registered PF_NETLINK/PF_ROUTE protocol family
[    0.160394] thermal_sys: Registered thermal governor 'step_wise'
[    0.160395] thermal_sys: Registered thermal governor 'user_space'
[    0.161193] cpuidle: using governor ladder
[    0.162595] acpiphp: ACPI Hot Plug PCI Controller Driver version: 0.5
[    0.163515] PCI: ECAM [mem 0xb0000000-0xbfffffff] (base 0xb0000000) for domain 0000 [bus 00-ff]
[    0.164650] PCI: ECAM [mem 0xb0000000-0xbfffffff] reserved as E820 entry
[    0.165516] PCI: Using configuration type 1 for base access
[    0.166468] cryptd: max_cpu_qlen set to 1000
[    0.167222] ACPI: Added _OSI(Module Device)
[    0.167818] ACPI: Added _OSI(Processor Device)
[    0.168434] ACPI: Added _OSI(Processor Aggregator Device)
[    0.170588] ACPI: 2 ACPI AML tables successfully acquired and loaded
[    0.172390] ACPI: Interpreter enabled
[    0.172927] ACPI: PM: (supports S0 S5)
[    0.173468] ACPI: Using IOAPIC for interrupt routing
[    0.174151] PCI: Using host bridge windows from ACPI; if necessary, use "pci=nocrs" and report a bug
[    0.175330] PCI: Using E820 reservations for host bridge windows
[    0.176149] ACPI: Enabled 3 GPEs in block 00 to 3F
[    0.180996] ACPI: PCI Root Bridge [PCI0] (domain 0000 [bus 00-ff])
[    0.181813] acpi PNP0A08:00: _OSC: OS supports [ExtendedConfig ASPM ClockPM Segments MSI HPX-Type3]
[    0.183006] acpi PNP0A08:00: _OSC: platform does not support [LTR]
[    0.183844] acpi PNP0A08:00: _OSC: OS now controls [PME AER PCIeCapability]
[    0.185178] PCI host bridge to bus 0000:00
[    0.185702] pci_bus 0000:00: root bus resource [io  0x0000-0x0cf7 window]
[    0.186573] pci_bus 0000:00: root bus resource [io  0x0d00-0xffff window]
[    0.187441] pci_bus 0000:00: root bus resource [mem 0x000a0000-0x000bffff window]
[    0.188437] pci_bus 0000:00: root bus resource [mem 0x80000000-0xafffffff window]
[    0.189430] pci_bus 0000:00: root bus resource [mem 0xc0000000-0xfebfffff window]
[    0.190426] pci_bus 0000:00: root bus resource [mem 0x100000000-0x8ffffffff window]
[    0.191441] pci_bus 0000:00: root bus resource [bus 00-ff]
[    0.192217] pci 0000:00:00.0: [8086:29c0] type 00 class 0x060000 conventional PCI endpoint
[    0.193709] pci 0000:00:01.0: [1234:1111] type 00 class 0x030000 conventional PCI endpoint
[    0.196709] pci 0000:00:01.0: BAR 0 [mem 0xfb000000-0xfbffffff pref]
[    0.201850] pci 0000:00:01.0: BAR 2 [mem 0xfea14000-0xfea14fff]
[    0.209258] pci 0000:00:01.0: ROM [mem 0xfea00000-0xfea0ffff pref]
[    0.210277] pci 0000:00:01.0: Video device with shadowed ROM at [mem 0x000c0000-0x000dffff]
[    0.211921] pci 0000:00:1a.0: [8086:2937] type 00 class 0x0c0300 conventional PCI endpoint
[    0.217393] pci 0000:00:1a.0: BAR 4 [io  0x5040-0x505f]
[    0.219469] pci 0000:00:1a.1: [8086:2938] type 00 class 0x0c0300 conventional PCI endpoint
[    0.224290] pci 0000:00:1a.1: BAR 4 [io  0x5060-0x507f]
[    0.228850] pci 0000:00:1a.2: [8086:2939] type 00 class 0x0c0300 conventional PCI endpoint
[    0.232680] pci 0000:00:1a.2: BAR 4 [io  0x5080-0x509f]
[    0.234621] pci 0000:00:1a.7: [8086:293c] type 00 class 0x0c0320 conventional PCI endpoint
[    0.236262] pci 0000:00:1a.7: BAR 0 [mem 0xfea15000-0xfea15fff]
[    0.241611] pci 0000:00:1b.0: [8086:293e] type 00 class 0x040300 conventional PCI endpoint
[    0.243238] pci 0000:00:1b.0: BAR 0 [mem 0xfea10000-0xfea13fff]
[    0.247416] pci 0000:00:1c.0: [1b36:000c] type 01 class 0x060400 PCIe Root Port
[    0.251370] pci 0000:00:1c.0: BAR 0 [mem 0xfea16000-0xfea16fff]
[    0.254044] pci 0000:00:1c.0: PCI bridge to [bus 01]
[    0.254763] pci 0000:00:1c.0:   bridge window [mem 0xfe800000-0xfe9fffff]
[    0.255976] pci 0000:00:1c.0:   bridge window [mem 0xfce00000-0xfcffffff 64bit pref]
[    0.257064] pci 0000:00:1c.0: enabling Extended Tags
[    0.258478] pci 0000:00:1c.1: [1b36:000c] type 01 class 0x060400 PCIe Root Port
[    0.260955] pci 0000:00:1c.1: BAR 0 [mem 0xfea17000-0xfea17fff]
[    0.265068] pci 0000:00:1c.1: PCI bridge to [bus 02]
[    0.265739] pci 0000:00:1c.1:   bridge window [mem 0xfe600000-0xfe7fffff]
[    0.267112] pci 0000:00:1c.1:   bridge window [mem 0xfcc00000-0xfcdfffff 64bit pref]
[    0.268203] pci 0000:00:1c.1: enabling Extended Tags
[    0.269628] pci 0000:00:1c.2: [1b36:000c] type 01 class 0x060400 PCIe Root Port
[    0.272049] pci 0000:00:1c.2: BAR 0 [mem 0xfea18000-0xfea18fff]
[    0.275713] pci 0000:00:1c.2: PCI bridge to [bus 03]
[    0.276428] pci 0000:00:1c.2:   bridge window [mem 0xfe400000-0xfe5fffff]
[    0.277825] pci 0000:00:1c.2:   bridge window [mem 0xfca00000-0xfcbfffff 64bit pref]
[    0.278934] pci 0000:00:1c.2: enabling Extended Tags
[    0.280374] pci 0000:00:1c.3: [1b36:000c] type 01 class 0x060400 PCIe Root Port
[    0.283015] pci 0000:00:1c.3: BAR 0 [mem 0xfea19000-0xfea19fff]
[    0.286602] pci 0000:00:1c.3: PCI bridge to [bus 04]
[    0.287316] pci 0000:00:1c.3:   bridge window [mem 0xfe200000-0xfe3fffff]
[    0.288681] pci 0000:00:1c.3:   bridge window [mem 0xfc800000-0xfc9fffff 64bit pref]
[    0.289772] pci 0000:00:1c.3: enabling Extended Tags
[    0.291161] pci 0000:00:1d.0: [8086:2934] type 00 class 0x0c0300 conventional PCI endpoint
[    0.295709] pci 0000:00:1d.0: BAR 4 [io  0x50a0-0x50bf]
[    0.297521] pci 0000:00:1d.1: [8086:2935] type 00 class 0x0c0300 conventional PCI endpoint
[    0.300946] pci 0000:00:1d.1: BAR 4 [io  0x50c0-0x50df]
[    0.302819] pci 0000:00:1d.2: [8086:2936] type 00 class 0x0c0300 conventional PCI endpoint
[    0.308852] pci 0000:00:1d.2: BAR 4 [io  0x50e0-0x50ff]
[    0.310703] pci 0000:00:1d.7: [8086:293a] type 00 class 0x0c0320 conventional PCI endpoint
[    0.312309] pci 0000:00:1d.7: BAR 0 [mem 0xfea1a000-0xfea1afff]
[    0.315917] pci 0000:00:1e.0: [8086:244e] type 01 class 0x060401 conventional PCI bridge
[    0.321535] pci 0000:00:1e.0: PCI bridge to [bus 05-09] (subtractive decode)
[    0.322463] pci 0000:00:1e.0:   bridge window [io  0x1000-0x4fff]
[    0.323258] pci 0000:00:1e.0:   bridge window [mem 0xfd800000-0xfe1fffff]
[    0.324779] pci 0000:00:1e.0:   bridge window [mem 0xfc000000-0xfc7fffff 64bit pref]
[    0.326284] pci 0000:00:1f.0: [8086:2918] type 00 class 0x060100 conventional PCI endpoint
[    0.327815] pci 0000:00:1f.0: quirk: [io  0x0600-0x067f] claimed by ICH6 ACPI/GPIO/TCO
[    0.329079] pci 0000:00:1f.2: [8086:2922] type 00 class 0x010601 conventional PCI endpoint
[    0.335065] pci 0000:00:1f.2: BAR 4 [io  0x5100-0x511f]
[    0.336584] pci 0000:00:1f.2: BAR 5 [mem 0xfea1b000-0xfea1bfff]
[    0.338694] pci 0000:00:1f.3: [8086:2930] type 00 class 0x0c0500 conventional PCI endpoint
[    0.344917] pci 0000:00:1f.3: BAR 4 [io  0x0700-0x073f]
[    0.346978] acpiphp: Slot [0] registered
[    0.347563] pci 0000:00:1c.0: PCI bridge to [bus 01]
[    0.348922] acpiphp: Slot [0-1] registered
[    0.349519] pci 0000:00:1c.1: PCI bridge to [bus 02]
[    0.350869] acpiphp: Slot [0-2] registered
[    0.351463] pci 0000:00:1c.2: PCI bridge to [bus 03]
[    0.352799] acpiphp: Slot [0-3] registered
[    0.353394] pci 0000:00:1c.3: PCI bridge to [bus 04]
[    0.355480] pci_bus 0000:05: extended config space not accessible
[    0.356072] acpiphp: Slot [0-4] registered
[    0.356658] acpiphp: Slot [5] registered
[    0.357226] acpiphp: Slot [6] registered
[    0.357808] acpiphp: Slot [7] registered
[    0.358378] acpiphp: Slot [8] registered
[    0.358952] acpiphp: Slot [9] registered
[    0.359521] acpiphp: Slot [10] registered
[    0.360102] acpiphp: Slot [11] registered
[    0.360684] acpiphp: Slot [12] registered
[    0.361261] acpiphp: Slot [13] registered
[    0.361843] acpiphp: Slot [14] registered
[    0.362421] acpiphp: Slot [15] registered
[    0.363002] acpiphp: Slot [16] registered
[    0.363581] acpiphp: Slot [17] registered
[    0.364164] acpiphp: Slot [18] registered
[    0.365025] acpiphp: Slot [19] registered
[    0.365605] acpiphp: Slot [20] registered
[    0.365941] acpiphp: Slot [21] registered
[    0.366522] acpiphp: Slot [22] registered
[    0.367566] acpiphp: Slot [23] registered
[    0.368155] acpiphp: Slot [24] registered
[    0.368737] acpiphp: Slot [25] registered
[    0.369311] acpiphp: Slot [26] registered
[    0.369999] acpiphp: Slot [27] registered
[    0.370613] acpiphp: Slot [28] registered
[    0.371192] acpiphp: Slot [29] registered
[    0.371773] acpiphp: Slot [30] registered
[    0.372350] acpiphp: Slot [31] registered
[    0.373003] pci 0000:05:01.0: [1b36:0001] type 01 class 0x060400 conventional PCI bridge
[    0.375581] pci 0000:05:01.0: BAR 0 [mem 0xfe000000-0xfe0000ff 64bit]
[    0.376868] pci 0000:05:01.0: PCI bridge to [bus 06]
[    0.377568] pci 0000:05:01.0:   bridge window [io  0x4000-0x4fff]
[    0.378377] pci 0000:05:01.0:   bridge window [mem 0xfde00000-0xfdffffff]
[    0.379743] pci 0000:05:01.0:   bridge window [mem 0xfc600000-0xfc7fffff 64bit pref]
[    0.381297] pci 0000:05:02.0: [1b36:0001] type 01 class 0x060400 conventional PCI bridge
[    0.383802] pci 0000:05:02.0: BAR 0 [mem 0xfe001000-0xfe0010ff 64bit]
[    0.386191] pci 0000:05:02.0: PCI bridge to [bus 07]
[    0.386898] pci 0000:05:02.0:   bridge window [io  0x3000-0x3fff]
[    0.387694] pci 0000:05:02.0:   bridge window [mem 0xfdc00000-0xfddfffff]
[    0.396266] pci 0000:05:02.0:   bridge window [mem 0xfc400000-0xfc5fffff 64bit pref]
[    0.397808] pci 0000:05:03.0: [1b36:0001] type 01 class 0x060400 conventional PCI bridge
[    0.400286] pci 0000:05:03.0: BAR 0 [mem 0xfe002000-0xfe0020ff 64bit]
[    0.402057] pci 0000:05:03.0: PCI bridge to [bus 08]
[    0.403344] pci 0000:05:03.0:   bridge window [io  0x2000-0x2fff]
[    0.404146] pci 0000:05:03.0:   bridge window [mem 0xfda00000-0xfdbfffff]
[    0.405574] pci 0000:05:03.0:   bridge window [mem 0xfc200000-0xfc3fffff 64bit pref]
[    0.406657] pci 0000:05:04.0: [1b36:0001] type 01 class 0x060400 conventional PCI bridge
[    0.410079] pci 0000:05:04.0: BAR 0 [mem 0xfe003000-0xfe0030ff 64bit]
[    0.412177] pci 0000:05:04.0: PCI bridge to [bus 09]
[    0.413679] pci 0000:05:04.0:   bridge window [io  0x1000-0x1fff]
[    0.414491] pci 0000:05:04.0:   bridge window [mem 0xfd800000-0xfd9fffff]
[    0.416061] pci 0000:05:04.0:   bridge window [mem 0xfc000000-0xfc1fffff 64bit pref]
[    0.417748] pci 0000:00:1e.0: PCI bridge to [bus 05-09] (subtractive decode)
[    0.418705] pci 0000:00:1e.0:   bridge window [io  0x0000-0x0cf7 window] (subtractive decode)
[    0.419814] pci 0000:00:1e.0:   bridge window [io  0x0d00-0xffff window] (subtractive decode)
[    0.420928] pci 0000:00:1e.0:   bridge window [mem 0x000a0000-0x000bffff window] (subtractive decode)
[    0.422110] pci 0000:00:1e.0:   bridge window [mem 0x80000000-0xafffffff window] (subtractive decode)
[    0.423533] pci 0000:00:1e.0:   bridge window [mem 0xc0000000-0xfebfffff window] (subtractive decode)
[    0.424718] pci 0000:00:1e.0:   bridge window [mem 0x100000000-0x8ffffffff window] (subtractive decode)
[    0.426078] pci_bus 0000:06: extended config space not accessible
[    0.426903] acpiphp: Slot [3] registered
[    0.427479] acpiphp: Slot [18-1] registered
[    0.428083] acpiphp: Slot [0-5] registered
[    0.428674] acpiphp: Slot [1] registered
[    0.429246] acpiphp: Slot [2] registered
[    0.429818] acpiphp: Slot [4] registered
[    0.430387] acpiphp: Slot [5-1] registered
[    0.430978] acpiphp: Slot [6-1] registered
[    0.431569] acpiphp: Slot [7-1] registered
[    0.432160] acpiphp: Slot [8-1] registered
[    0.432762] acpiphp: Slot [9-1] registered
[    0.433358] acpiphp: Slot [10-1] registered
[    0.433961] acpiphp: Slot [11-1] registered
[    0.434559] acpiphp: Slot [12-1] registered
[    0.435160] acpiphp: Slot [13-1] registered
[    0.435712] acpiphp: Slot [14-1] registered
[    0.436310] acpiphp: Slot [15-1] registered
[    0.436911] acpiphp: Slot [16-1] registered
[    0.437510] acpiphp: Slot [17-1] registered
[    0.438111] acpiphp: Slot [19-1] registered
[    0.438713] acpiphp: Slot [20-1] registered
[    0.439313] acpiphp: Slot [21-1] registered
[    0.439915] acpiphp: Slot [22-1] registered
[    0.440514] acpiphp: Slot [23-1] registered
[    0.441114] acpiphp: Slot [24-1] registered
[    0.441717] acpiphp: Slot [25-1] registered
[    0.442316] acpiphp: Slot [26-1] registered
[    0.442930] acpiphp: Slot [27-1] registered
[    0.443532] acpiphp: Slot [28-1] registered
[    0.444133] acpiphp: Slot [29-1] registered
[    0.444737] acpiphp: Slot [30-1] registered
[    0.445336] acpiphp: Slot [31-1] registered
[    0.445816] pci 0000:06:03.0: [1af4:1002] type 00 class 0x00ff00 conventional PCI endpoint
[    0.448219] pci 0000:06:03.0: BAR 0 [io  0x4000-0x403f]
[    0.450158] pci 0000:06:03.0: BAR 1 [mem 0xfde40000-0xfde40fff]
[    0.456387] pci 0000:06:03.0: BAR 4 [mem 0xfc600000-0xfc603fff 64bit pref]
[    0.459522] pci 0000:06:12.0: [1af4:1000] type 00 class 0x020000 conventional PCI endpoint
[    0.461905] pci 0000:06:12.0: BAR 0 [io  0x4040-0x405f]
[    0.463848] pci 0000:06:12.0: BAR 1 [mem 0xfde41000-0xfde41fff]
[    0.470547] pci 0000:06:12.0: BAR 4 [mem 0xfc604000-0xfc607fff 64bit pref]
[    0.472727] pci 0000:06:12.0: ROM [mem 0xfde00000-0xfde3ffff pref]
[    0.474441] pci 0000:05:01.0: PCI bridge to [bus 06]
[    0.475788] pci_bus 0000:07: extended config space not accessible
[    0.476609] acpiphp: Slot [0-6] registered
[    0.477202] acpiphp: Slot [1-1] registered
[    0.477790] acpiphp: Slot [2-1] registered
[    0.478380] acpiphp: Slot [3-1] registered
[    0.478963] acpiphp: Slot [4-1] registered
[    0.479552] acpiphp: Slot [5-2] registered
[    0.480587] acpiphp: Slot [6-2] registered
[    0.481185] acpiphp: Slot [7-2] registered
[    0.481768] acpiphp: Slot [8-2] registered
[    0.482366] acpiphp: Slot [9-2] registered
[    0.482961] acpiphp: Slot [10-2] registered
[    0.483564] acpiphp: Slot [11-2] registered
[    0.484165] acpiphp: Slot [12-2] registered
[    0.484765] acpiphp: Slot [13-2] registered
[    0.485366] acpiphp: Slot [14-2] registered
[    0.485946] acpiphp: Slot [15-2] registered
[    0.486548] acpiphp: Slot [16-2] registered
[    0.487152] acpiphp: Slot [17-2] registered
[    0.487751] acpiphp: Slot [18-2] registered
[    0.488353] acpiphp: Slot [19-2] registered
[    0.488952] acpiphp: Slot [20-2] registered
[    0.489553] acpiphp: Slot [21-2] registered
[    0.490153] acpiphp: Slot [22-2] registered
[    0.490750] acpiphp: Slot [23-2] registered
[    0.491351] acpiphp: Slot [24-2] registered
[    0.491949] acpiphp: Slot [25-2] registered
[    0.492560] acpiphp: Slot [26-2] registered
[    0.493162] acpiphp: Slot [27-2] registered
[    0.493760] acpiphp: Slot [28-2] registered
[    0.494364] acpiphp: Slot [29-2] registered
[    0.494961] acpiphp: Slot [30-2] registered
[    0.495562] acpiphp: Slot [31-2] registered
[    0.496170] pci 0000:05:02.0: PCI bridge to [bus 07]
[    0.497569] pci_bus 0000:08: extended config space not accessible
[    0.498392] acpiphp: Slot [0-7] registered
[    0.498987] acpiphp: Slot [1-2] registered
[    0.499576] acpiphp: Slot [2-2] registered
[    0.500168] acpiphp: Slot [3-2] registered
[    0.501053] acpiphp: Slot [4-2] registered
[    0.501639] acpiphp: Slot [5-3] registered
[    0.502242] acpiphp: Slot [6-3] registered
[    0.502836] acpiphp: Slot [7-3] registered
[    0.503430] acpiphp: Slot [8-3] registered
[    0.504024] acpiphp: Slot [9-3] registered
[    0.504613] acpiphp: Slot [10-3] registered
[    0.505669] acpiphp: Slot [11-3] registered
[    0.505949] acpiphp: Slot [12-3] registered
[    0.506550] acpiphp: Slot [13-3] registered
[    0.507148] acpiphp: Slot [14-3] registered
[    0.507755] acpiphp: Slot [15-3] registered
[    0.508483] acpiphp: Slot [16-3] registered
[    0.509094] acpiphp: Slot [17-3] registered
[    0.509701] acpiphp: Slot [18-3] registered
[    0.510300] acpiphp: Slot [19-3] registered
[    0.510904] acpiphp: Slot [20-3] registered
[    0.511502] acpiphp: Slot [21-3] registered
[    0.512117] acpiphp: Slot [22-3] registered
[    0.512719] acpiphp: Slot [23-3] registered
[    0.513317] acpiphp: Slot [24-3] registered
[    0.513919] acpiphp: Slot [25-3] registered
[    0.514521] acpiphp: Slot [26-3] registered
[    0.515120] acpiphp: Slot [27-3] registered
[    0.515715] acpiphp: Slot [28-3] registered
[    0.516313] acpiphp: Slot [29-3] registered
[    0.516916] acpiphp: Slot [30-3] registered
[    0.517520] acpiphp: Slot [31-3] registered
[    0.518341] pci 0000:05:03.0: PCI bridge to [bus 08]
[    0.519774] pci_bus 0000:09: extended config space not accessible
[    0.520596] acpiphp: Slot [1-3] registered
[    0.521191] acpiphp: Slot [0-8] registered
[    0.521784] acpiphp: Slot [2-3] registered
[    0.522380] acpiphp: Slot [3-3] registered
[    0.522972] acpiphp: Slot [4-3] registered
[    0.523567] acpiphp: Slot [5-4] registered
[    0.524156] acpiphp: Slot [6-4] registered
[    0.524749] acpiphp: Slot [7-4] registered
[    0.525338] acpiphp: Slot [8-4] registered
[    0.525715] acpiphp: Slot [9-4] registered
[    0.526313] acpiphp: Slot [10-4] registered
[    0.526912] acpiphp: Slot [11-4] registered
[    0.527514] acpiphp: Slot [12-4] registered
[    0.528112] acpiphp: Slot [13-4] registered
[    0.528714] acpiphp: Slot [14-4] registered
[    0.529315] acpiphp: Slot [15-4] registered
[    0.529913] acpiphp: Slot [16-4] registered
[    0.530516] acpiphp: Slot [17-4] registered
[    0.531114] acpiphp: Slot [18-4] registered
[    0.531716] acpiphp: Slot [19-4] registered
[    0.532317] acpiphp: Slot [20-4] registered
[    0.532915] acpiphp: Slot [21-4] registered
[    0.533518] acpiphp: Slot [22-4] registered
[    0.534117] acpiphp: Slot [23-4] registered
[    0.534719] acpiphp: Slot [24-4] registered
[    0.535321] acpiphp: Slot [25-4] registered
[    0.535716] acpiphp: Slot [26-4] registered
[    0.536318] acpiphp: Slot [27-4] registered
[    0.536917] acpiphp: Slot [28-4] registered
[    0.537519] acpiphp: Slot [29-4] registered
[    0.538120] acpiphp: Slot [30-4] registered
[    0.538720] acpiphp: Slot [31-4] registered
[    0.539411] pci 0000:09:01.0: [1af4:1004] type 00 class 0x010000 conventional PCI endpoint
[    0.542290] pci 0000:09:01.0: BAR 0 [io  0x1000-0x103f]
[    0.547715] pci 0000:09:01.0: BAR 1 [mem 0xfd800000-0xfd800fff]
[    0.552784] pci 0000:09:01.0: BAR 4 [mem 0xfc000000-0xfc003fff 64bit pref]
[    0.557479] pci 0000:05:04.0: PCI bridge to [bus 09]
[    0.562910] pci_bus 0000:00: on NUMA node 0
[    0.563273] ACPI: PCI: Interrupt link LNKA configured for IRQ 10
[    0.565312] ACPI: PCI: Interrupt link LNKB configured for IRQ 10
[    0.566067] ACPI: PCI: Interrupt link LNKC configured for IRQ 11
[    0.566981] ACPI: PCI: Interrupt link LNKD configured for IRQ 11
[    0.567848] ACPI: PCI: Interrupt link LNKE configured for IRQ 10
[    0.568772] ACPI: PCI: Interrupt link LNKF configured for IRQ 10
[    0.569702] ACPI: PCI: Interrupt link LNKG configured for IRQ 11
[    0.570626] ACPI: PCI: Interrupt link LNKH configured for IRQ 11
[    0.571469] ACPI: PCI: Interrupt link GSIA configured for IRQ 16
[    0.572352] ACPI: PCI: Interrupt link GSIB configured for IRQ 17
[    0.573271] ACPI: PCI: Interrupt link GSIC configured for IRQ 18
[    0.574142] ACPI: PCI: Interrupt link GSID configured for IRQ 19
[    0.574967] ACPI: PCI: Interrupt link GSIE configured for IRQ 20
[    0.575710] ACPI: PCI: Interrupt link GSIF configured for IRQ 21
[    0.576558] ACPI: PCI: Interrupt link GSIG configured for IRQ 22
[    0.577416] ACPI: PCI: Interrupt link GSIH configured for IRQ 23
[    0.578615] iommu: Default domain type: Translated
[    0.579339] iommu: DMA domain TLB invalidation policy: lazy mode
[    0.580498] SCSI subsystem initialized
[    0.581289] libata version 3.00 loaded.
[    0.581296] ACPI: bus type USB registered
[    0.581952] usbcore: registered new interface driver usbfs
[    0.582814] usbcore: registered new interface driver hub
[    0.583658] usbcore: registered new device driver usb
[    0.584623] pps_core: LinuxPPS API ver. 1 registered
[    0.585407] pps_core: Software ver. 5.3.6 - Copyright 2005-2007 Rodolfo Giometti &lt;giometti@linux.it&gt;
[    0.586210] PTP clock support registered
[    0.587066] PCI: Using ACPI for IRQ routing
[    0.656153] PCI: pci_cache_line_size set to 64 bytes
[    0.656571] e820: reserve RAM buffer [mem 0x0009fc00-0x0009ffff]
[    0.656574] e820: reserve RAM buffer [mem 0x7ffd3000-0x7fffffff]
[    0.656885] hpet0: at MMIO 0xfed00000, IRQs 2, 8, 0
[    0.657613] hpet0: 3 comparators, 64-bit 100.000000 MHz counter
[    0.661527] clocksource: Switched to clocksource kvm-clock
[    0.662451] pnp: PnP ACPI init
[    0.663163] system 00:03: [mem 0xb0000000-0xbfffffff window] has been reserved
[    0.664403] pnp: PnP ACPI: found 4 devices
[    0.665420] clocksource: acpi_pm: mask: 0xffffff max_cycles: 0xffffff, max_idle_ns: 2085701024 ns
[    0.665420] NET: Registered PF_INET protocol family
[    0.666100] IP idents hash table entries: 32768 (order: 6, 262144 bytes, linear)
[    0.667435] tcp_listen_portaddr_hash hash table entries: 1024 (order: 2, 16384 bytes, linear)
[    0.668547] Table-perturb hash table entries: 65536 (order: 6, 262144 bytes, linear)
[    0.669571] TCP established hash table entries: 16384 (order: 5, 131072 bytes, linear)
[    0.670628] TCP bind hash table entries: 16384 (order: 7, 524288 bytes, linear)
[    0.671659] TCP: Hash tables configured (established 16384 bind 16384)
[    0.672539] MPTCP token hash table entries: 2048 (order: 3, 49152 bytes, linear)
[    0.673534] UDP hash table entries: 1024 (order: 3, 32768 bytes, linear)
[    0.674393] UDP-Lite hash table entries: 1024 (order: 3, 32768 bytes, linear)
[    0.675317] NET: Registered PF_UNIX/PF_LOCAL protocol family
[    0.676070] pci 0000:00:1c.0: bridge window [io  0x1000-0x0fff] to [bus 01] add_size 1000
[    0.677139] pci 0000:00:1c.1: bridge window [io  0x1000-0x0fff] to [bus 02] add_size 1000
[    0.678207] pci 0000:00:1c.2: bridge window [io  0x1000-0x0fff] to [bus 03] add_size 1000
[    0.679279] pci 0000:00:1c.3: bridge window [io  0x1000-0x0fff] to [bus 04] add_size 1000
[    0.680394] pci 0000:00:1c.0: bridge window [io  0x6000-0x6fff]: assigned
[    0.681290] pci 0000:00:1c.1: bridge window [io  0x7000-0x7fff]: assigned
[    0.682155] pci 0000:00:1c.2: bridge window [io  0x8000-0x8fff]: assigned
[    0.683023] pci 0000:00:1c.3: bridge window [io  0x9000-0x9fff]: assigned
[    0.684190] pci 0000:00:1c.0: PCI bridge to [bus 01]
[    0.684877] pci 0000:00:1c.0:   bridge window [io  0x6000-0x6fff]
[    0.687142] pci 0000:00:1c.0:   bridge window [mem 0xfe800000-0xfe9fffff]
[    0.688985] pci 0000:00:1c.0:   bridge window [mem 0xfce00000-0xfcffffff 64bit pref]
[    0.691954] pci 0000:00:1c.1: PCI bridge to [bus 02]
[    0.692640] pci 0000:00:1c.1:   bridge window [io  0x7000-0x7fff]
[    0.694754] pci 0000:00:1c.1:   bridge window [mem 0xfe600000-0xfe7fffff]
[    0.696514] pci 0000:00:1c.1:   bridge window [mem 0xfcc00000-0xfcdfffff 64bit pref]
[    0.699186] pci 0000:00:1c.2: PCI bridge to [bus 03]
[    0.699870] pci 0000:00:1c.2:   bridge window [io  0x8000-0x8fff]
[    0.701446] pci 0000:00:1c.2:   bridge window [mem 0xfe400000-0xfe5fffff]
[    0.703060] pci 0000:00:1c.2:   bridge window [mem 0xfca00000-0xfcbfffff 64bit pref]
[    0.705629] pci 0000:00:1c.3: PCI bridge to [bus 04]
[    0.706310] pci 0000:00:1c.3:   bridge window [io  0x9000-0x9fff]
[    0.708438] pci 0000:00:1c.3:   bridge window [mem 0xfe200000-0xfe3fffff]
[    0.711171] pci 0000:00:1c.3:   bridge window [mem 0xfc800000-0xfc9fffff 64bit pref]
[    0.713150] pci 0000:05:01.0: PCI bridge to [bus 06]
[    0.713834] pci 0000:05:01.0:   bridge window [io  0x4000-0x4fff]
[    0.715339] pci 0000:05:01.0:   bridge window [mem 0xfde00000-0xfdffffff]
[    0.716669] pci 0000:05:01.0:   bridge window [mem 0xfc600000-0xfc7fffff 64bit pref]
[    0.718776] pci 0000:05:02.0: PCI bridge to [bus 07]
[    0.719454] pci 0000:05:02.0:   bridge window [io  0x3000-0x3fff]
[    0.721670] pci 0000:05:02.0:   bridge window [mem 0xfdc00000-0xfddfffff]
[    0.722989] pci 0000:05:02.0:   bridge window [mem 0xfc400000-0xfc5fffff 64bit pref]
[    0.725048] pci 0000:05:03.0: PCI bridge to [bus 08]
[    0.725734] pci 0000:05:03.0:   bridge window [io  0x2000-0x2fff]
[    0.727318] pci 0000:05:03.0:   bridge window [mem 0xfda00000-0xfdbfffff]
[    0.728822] pci 0000:05:03.0:   bridge window [mem 0xfc200000-0xfc3fffff 64bit pref]
[    0.731400] pci 0000:05:04.0: PCI bridge to [bus 09]
[    0.733392] pci 0000:05:04.0:   bridge window [io  0x1000-0x1fff]
[    0.734968] pci 0000:05:04.0:   bridge window [mem 0xfd800000-0xfd9fffff]
[    0.736278] pci 0000:05:04.0:   bridge window [mem 0xfc000000-0xfc1fffff 64bit pref]
[    0.738184] pci 0000:00:1e.0: PCI bridge to [bus 05-09]
[    0.738893] pci 0000:00:1e.0:   bridge window [io  0x1000-0x4fff]
[    0.740338] pci 0000:00:1e.0:   bridge window [mem 0xfd800000-0xfe1fffff]
[    0.741730] pci 0000:00:1e.0:   bridge window [mem 0xfc000000-0xfc7fffff 64bit pref]
[    0.744401] pci_bus 0000:00: resource 4 [io  0x0000-0x0cf7 window]
[    0.745211] pci_bus 0000:00: resource 5 [io  0x0d00-0xffff window]
[    0.746005] pci_bus 0000:00: resource 6 [mem 0x000a0000-0x000bffff window]
[    0.746873] pci_bus 0000:00: resource 7 [mem 0x80000000-0xafffffff window]
[    0.747739] pci_bus 0000:00: resource 8 [mem 0xc0000000-0xfebfffff window]
[    0.748601] pci_bus 0000:00: resource 9 [mem 0x100000000-0x8ffffffff window]
[    0.749489] pci_bus 0000:01: resource 0 [io  0x6000-0x6fff]
[    0.750215] pci_bus 0000:01: resource 1 [mem 0xfe800000-0xfe9fffff]
[    0.751045] pci_bus 0000:01: resource 2 [mem 0xfce00000-0xfcffffff 64bit pref]
[    0.752005] pci_bus 0000:02: resource 0 [io  0x7000-0x7fff]
[    0.752734] pci_bus 0000:02: resource 1 [mem 0xfe600000-0xfe7fffff]
[    0.753935] pci_bus 0000:02: resource 2 [mem 0xfcc00000-0xfcdfffff 64bit pref]
[    0.754901] pci_bus 0000:03: resource 0 [io  0x8000-0x8fff]
[    0.755628] pci_bus 0000:03: resource 1 [mem 0xfe400000-0xfe5fffff]
[    0.756429] pci_bus 0000:03: resource 2 [mem 0xfca00000-0xfcbfffff 64bit pref]
[    0.757384] pci_bus 0000:04: resource 0 [io  0x9000-0x9fff]
[    0.758112] pci_bus 0000:04: resource 1 [mem 0xfe200000-0xfe3fffff]
[    0.758912] pci_bus 0000:04: resource 2 [mem 0xfc800000-0xfc9fffff 64bit pref]
[    0.759867] pci_bus 0000:05: resource 0 [io  0x1000-0x4fff]
[    0.760592] pci_bus 0000:05: resource 1 [mem 0xfd800000-0xfe1fffff]
[    0.761422] pci_bus 0000:05: resource 2 [mem 0xfc000000-0xfc7fffff 64bit pref]
[    0.762388] pci_bus 0000:05: resource 4 [io  0x0000-0x0cf7 window]
[    0.763190] pci_bus 0000:05: resource 5 [io  0x0d00-0xffff window]
[    0.763989] pci_bus 0000:05: resource 6 [mem 0x000a0000-0x000bffff window]
[    0.764865] pci_bus 0000:05: resource 7 [mem 0x80000000-0xafffffff window]
[    0.765739] pci_bus 0000:05: resource 8 [mem 0xc0000000-0xfebfffff window]
[    0.766612] pci_bus 0000:05: resource 9 [mem 0x100000000-0x8ffffffff window]
[    0.767505] pci_bus 0000:06: resource 0 [io  0x4000-0x4fff]
[    0.768241] pci_bus 0000:06: resource 1 [mem 0xfde00000-0xfdffffff]
[    0.769049] pci_bus 0000:06: resource 2 [mem 0xfc600000-0xfc7fffff 64bit pref]
[    0.770016] pci_bus 0000:07: resource 0 [io  0x3000-0x3fff]
[    0.770751] pci_bus 0000:07: resource 1 [mem 0xfdc00000-0xfddfffff]
[    0.771581] pci_bus 0000:07: resource 2 [mem 0xfc400000-0xfc5fffff 64bit pref]
[    0.772545] pci_bus 0000:08: resource 0 [io  0x2000-0x2fff]
[    0.773281] pci_bus 0000:08: resource 1 [mem 0xfda00000-0xfdbfffff]
[    0.774092] pci_bus 0000:08: resource 2 [mem 0xfc200000-0xfc3fffff 64bit pref]
[    0.775058] pci_bus 0000:09: resource 0 [io  0x1000-0x1fff]
[    0.775793] pci_bus 0000:09: resource 1 [mem 0xfd800000-0xfd9fffff]
[    0.776599] pci_bus 0000:09: resource 2 [mem 0xfc000000-0xfc1fffff 64bit pref]
[    0.777832] ACPI: \_SB_.GSIA: Enabled at IRQ 16
[    0.779118] ACPI: \_SB_.GSIB: Enabled at IRQ 17
[    0.780324] ACPI: \_SB_.GSIC: Enabled at IRQ 18
[    0.781587] ACPI: \_SB_.GSID: Enabled at IRQ 19
[    0.786213] PCI: CLS 0 bytes, default 64
[    0.787115] RAPL PMU: API unit is 2^-32 Joules, 0 fixed counters, 10737418240 ms ovfl timer
[    0.788223] clocksource: tsc: mask: 0xffffffffffffffff max_cycles: 0xb9fb05486c, max_idle_ns: 440795231721 ns
[    0.790198] workingset: timestamp_bits=46 max_order=19 bucket_order=0
[    0.791257] squashfs: version 4.0 (2009/01/31) Phillip Lougher
[    0.792110] Block layer SCSI generic (bsg) driver version 0.4 loaded (major 247)
[    0.795746] pcieport 0000:00:1c.0: PME: Signaling with IRQ 24
[    0.796836] pcieport 0000:00:1c.0: AER: enabled with IRQ 24
[    0.799725] pcieport 0000:00:1c.1: PME: Signaling with IRQ 25
[    0.800727] pcieport 0000:00:1c.1: AER: enabled with IRQ 25
[    0.803592] pcieport 0000:00:1c.2: PME: Signaling with IRQ 26
[    0.815322] pcieport 0000:00:1c.2: AER: enabled with IRQ 26
[    0.817634] pcieport 0000:00:1c.3: PME: Signaling with IRQ 27
[    0.818613] pcieport 0000:00:1c.3: AER: enabled with IRQ 27
[    0.819747] hv_vmbus: registering driver hyperv_fb
[    0.820604] input: Power Button as /devices/LNXSYSTM:00/LNXPWRBN:00/input/input0
[    0.821789] ACPI: button: Power Button [PWRF]
[    0.823912] ACPI: \_SB_.GSIF: Enabled at IRQ 21
[    0.825586] ACPI: \_SB_.GSIE: Enabled at IRQ 20
[    0.827855] ACPI: \_SB_.GSIH: Enabled at IRQ 23
[    0.833292] Free page reporting enabled
[    0.834152] Serial: 8250/16550 driver, 2 ports, IRQ sharing disabled
[    0.835451] Non-volatile memory driver v1.3
[    0.836162] Linux agpgart interface v0.103
[    0.837173] ACPI: bus type drm_connector registered
[    0.838026] [drm] Found bochs VGA, ID 0xb0c5.
[    0.838684] [drm] Framebuffer size 16384 kB @ 0xfb000000, mmio @ 0xfea14000.
[    0.841295] [drm] Found EDID data blob.
[    0.841972] [drm] Initialized bochs-drm 1.0.0 for 0000:00:01.0 on minor 0
[    0.858538] Console: switching to colour frame buffer device 160x50
[    0.860020] bochs-drm 0000:00:01.0: [drm] fb0: bochs-drmdrmfb frame buffer device
[    0.861609] loop: module loaded
[    0.861947] Guest personality initialized and is inactive
[    0.862407] VMCI host device registered (name=vmci, major=10, minor=127)
[    0.862976] Initialized host personality
[    0.863322] usbcore: registered new interface driver rtsx_usb
[    0.863921] lpc_ich 0000:00:1f.0: I/O space for GPIO uninitialized
[    0.864866] virtio_scsi virtio2: 4/0/0 default/read/poll queues
[    0.866731] scsi host0: Virtio SCSI HBA
[    0.867903] scsi 0:0:0:0: Direct-Access     QEMU     QEMU HARDDISK    2.5+ PQ: 0 ANSI: 5
[    0.873780] VMware PVSCSI driver - version 1.0.7.0-k
[    0.874238] hv_vmbus: registering driver hv_storvsc
[    0.874910] sd 0:0:0:0: Power-on or device reset occurred
[    0.875504] sd 0:0:0:0: [sda] 2359871 512-byte logical blocks: (1.21 GB/1.13 GiB)
[    0.876236] ahci 0000:00:1f.2: version 3.0
[    0.877094] ahci 0000:00:1f.2: AHCI vers 0001.0000, 32 command slots, 1.5 Gbps, SATA mode
[    0.877838] ahci 0000:00:1f.2: 6/6 ports implemented (port mask 0x3f)
[    0.878423] ahci 0000:00:1f.2: flags: 64bit ncq only 
[    0.879582] sd 0:0:0:0: [sda] Write Protect is off
[    0.879802] scsi host1: ahci
[    0.880063] sd 0:0:0:0: [sda] Mode Sense: 63 00 00 08
[    0.880472] sd 0:0:0:0: [sda] Write cache: enabled, read cache: enabled, doesn't support DPO or FUA
[    0.881349] scsi host2: ahci
[    0.881779] scsi host3: ahci
[    0.882260] scsi host4: ahci
[    0.882682] scsi host5: ahci
[    0.883104] scsi host6: ahci
[    0.884177] ata1: SATA max UDMA/133 abar m4096@0xfea1b000 port 0xfea1b100 irq 37 lpm-pol 0
[    0.885224] ata2: SATA max UDMA/133 abar m4096@0xfea1b000 port 0xfea1b180 irq 37 lpm-pol 0
[    0.886252] ata3: SATA max UDMA/133 abar m4096@0xfea1b000 port 0xfea1b200 irq 37 lpm-pol 0
[    0.887445] ata4: SATA max UDMA/133 abar m4096@0xfea1b000 port 0xfea1b280 irq 37 lpm-pol 0
[    0.888470] ata5: SATA max UDMA/133 abar m4096@0xfea1b000 port 0xfea1b300 irq 37 lpm-pol 0
[    0.889488] ata6: SATA max UDMA/133 abar m4096@0xfea1b000 port 0xfea1b380 irq 37 lpm-pol 0
[    0.892198] VMware vmxnet3 virtual NIC driver - version 1.9.0.0-k-NAPI
[    0.893077] hv_vmbus: registering driver hv_netvsc
[    0.893775] Fusion MPT base driver 3.04.20
[    0.894392] Copyright (c) 1999-2008 LSI Corporation
[    0.895164] Fusion MPT SPI Host driver 3.04.20
[    0.895746] Fusion MPT SAS Host driver 3.04.20
[    0.898370] ehci-pci 0000:00:1d.7: EHCI Host Controller
[    0.899077] ehci-pci 0000:00:1d.7: new USB bus registered, assigned bus number 1
[    0.900170] ehci-pci 0000:00:1d.7: irq 19, io mem 0xfea1a000
[    0.921195] ehci-pci 0000:00:1d.7: USB 2.0 started, EHCI 1.00
[    0.922427] hub 1-0:1.0: USB hub found
[    0.923370] hub 1-0:1.0: 6 ports detected
[    0.924565] ehci-pci 0000:00:1a.7: EHCI Host Controller
[    0.925237] ehci-pci 0000:00:1a.7: new USB bus registered, assigned bus number 2
[    0.926201] ehci-pci 0000:00:1a.7: irq 19, io mem 0xfea15000
[    0.941059] ehci-pci 0000:00:1a.7: USB 2.0 started, EHCI 1.00
[    0.942559] Alternate GPT is invalid, using primary GPT.
[    0.943249]  sda: sda1 sda2 sda128
[    0.943876] hub 2-0:1.0: USB hub found
[    0.943989] sd 0:0:0:0: [sda] Attached SCSI disk
[    0.944314] hub 2-0:1.0: 6 ports detected
[    0.946322] uhci_hcd 0000:00:1a.0: UHCI Host Controller
[    0.947019] uhci_hcd 0000:00:1a.0: new USB bus registered, assigned bus number 3
[    0.947987] uhci_hcd 0000:00:1a.0: irq 16, io port 0x00005040
[    0.949386] hub 3-0:1.0: USB hub found
[    0.950415] hub 3-0:1.0: 2 ports detected
[    0.952256] uhci_hcd 0000:00:1a.1: UHCI Host Controller
[    0.952907] uhci_hcd 0000:00:1a.1: new USB bus registered, assigned bus number 4
[    0.953850] uhci_hcd 0000:00:1a.1: irq 17, io port 0x00005060
[    0.955090] hub 4-0:1.0: USB hub found
[    0.956071] hub 4-0:1.0: 2 ports detected
[    0.957812] uhci_hcd 0000:00:1a.2: UHCI Host Controller
[    0.958638] uhci_hcd 0000:00:1a.2: new USB bus registered, assigned bus number 5
[    0.959590] uhci_hcd 0000:00:1a.2: irq 18, io port 0x00005080
[    0.960919] hub 5-0:1.0: USB hub found
[    0.961850] hub 5-0:1.0: 2 ports detected
[    0.963518] uhci_hcd 0000:00:1d.0: UHCI Host Controller
[    0.964223] uhci_hcd 0000:00:1d.0: new USB bus registered, assigned bus number 6
[    0.965172] uhci_hcd 0000:00:1d.0: irq 16, io port 0x000050a0
[    0.966451] hub 6-0:1.0: USB hub found
[    0.967473] hub 6-0:1.0: 2 ports detected
[    0.969228] uhci_hcd 0000:00:1d.1: UHCI Host Controller
[    0.969925] uhci_hcd 0000:00:1d.1: new USB bus registered, assigned bus number 7
[    0.970924] uhci_hcd 0000:00:1d.1: irq 17, io port 0x000050c0
[    0.972292] hub 7-0:1.0: USB hub found
[    0.973270] hub 7-0:1.0: 2 ports detected
[    0.975114] uhci_hcd 0000:00:1d.2: UHCI Host Controller
[    0.975815] uhci_hcd 0000:00:1d.2: new USB bus registered, assigned bus number 8
[    0.976802] uhci_hcd 0000:00:1d.2: irq 18, io port 0x000050e0
[    0.978118] hub 8-0:1.0: USB hub found
[    0.979308] hub 8-0:1.0: 2 ports detected
[    0.980557] usbcore: registered new interface driver usb-storage
[    0.981398] i8042: PNP: PS/2 Controller [PNP0303:KBD,PNP0f13:MOU] at 0x60,0x64 irq 1,12
[    0.986113] serio: i8042 KBD port at 0x60,0x64 irq 1
[    0.986740] serio: i8042 AUX port at 0x60,0x64 irq 12
[    0.987365] hv_vmbus: registering driver hyperv_keyboard
[    0.988069] rtc_cmos 00:02: RTC can wake from S4
[    0.989266] rtc_cmos 00:02: registered as rtc0
[    0.990013] rtc_cmos 00:02: setting system clock to 2025-08-13T12:38:45 UTC (1755088725)
[    0.991076] rtc_cmos 00:02: alarms up to one day, y3k, 242 bytes nvram, hpet irqs
[    0.992007] intel_powerclamp: CPU does not support MWAIT
[    0.992692] intel_pstate: CPU model not supported
[    0.993323] sdhci: Secure Digital Host Controller Interface driver
[    0.994051] sdhci: Copyright(c) Pierre Ossman
[    0.994687] VUB300 Driver rom wait states = 1C irqpoll timeout = 0400
[    0.994900] usbcore: registered new interface driver vub300
[    0.995566] input: AT Translated Set 2 keyboard as /devices/platform/i8042/serio0/input/input1
[    0.995695] usbcore: registered new interface driver ushc
[    0.998478] hid: raw HID events driver (C) Jiri Kosina
[    0.999291] hv_vmbus: registering driver hid_hyperv
[    1.000034] usbcore: registered new interface driver usbhid
[    1.000724] usbhid: USB HID core driver
[    1.001387] hv_utils: Registering HyperV Utility Driver
[    1.002053] hv_vmbus: registering driver hv_utils
[    1.002637] hv_vmbus: registering driver hv_balloon
[    1.003293] intel_rapl_msr: PL4 support detected.
[    1.004459] NET: Registered PF_INET6 protocol family
[    1.006055] Segment Routing with IPv6
[    1.006644] In-situ OAM (IOAM) with IPv6
[    1.007203] NET: Registered PF_PACKET protocol family
[    1.007840] bridge: filtering via arp/ip/ip6tables is no longer available by default. Update your scripts to load br_netfilter if you need this.
[    1.009099] 8021q: 802.1Q VLAN Support v1.8
[    1.009680] NET: Registered PF_VSOCK protocol family
[    1.011260] IPI shorthand broadcast: enabled
[    1.012386] AES CTR mode by8 optimization enabled
[    1.014693] sched_clock: Marking stable (930014774, 80888453)-&gt;(1055185213, -44281986)
[    1.016931] clk: Disabling unused clocks
[    1.190909] usb 1-1: new high-speed USB device number 2 using ehci-pci
[    1.211699] ata4: SATA link down (SStatus 0 SControl 300)
[    1.212656] ata5: SATA link down (SStatus 0 SControl 300)
[    1.213672] ata2: SATA link up 1.5 Gbps (SStatus 113 SControl 300)
[    1.214829] ata1: SATA link down (SStatus 0 SControl 300)
[    1.215619] ata2.00: ATAPI: QEMU DVD-ROM, 2.5+, max UDMA/100
[    1.216422] ata2.00: applying bridge limits
[    1.217194] ata6: SATA link down (SStatus 0 SControl 300)
[    1.218193] ata3: SATA link down (SStatus 0 SControl 300)
[    1.219015] ata2.00: configured for UDMA/100
[    1.220069] scsi 2:0:0:0: CD-ROM            QEMU     QEMU DVD-ROM     2.5+ PQ: 0 ANSI: 5
[    1.321688] sr 2:0:0:0: [sr0] scsi3-mmc drive: 4x/4x cd/rw xa/form2 tray
[    1.322496] cdrom: Uniform CD-ROM driver Revision: 3.20
[    1.361598] sr 2:0:0:0: Attached scsi CD-ROM sr0
[    1.364478] VFS: Mounted root (squashfs filesystem) readonly on device 8:2.
[    1.365905] Freeing unused kernel image (initmem) memory: 1480K
[    1.366465] input: QEMU QEMU USB Tablet as /devices/pci0000:00/0000:00:1d.7/usb1/1-1/1-1:1.0/0003:0627:0001.0001/input/input4
[    1.366948] Write protecting the kernel read-only data: 18432k
[    1.369410] hid-generic 0003:0627:0001.0001: input,hidraw0: USB HID v0.01 Mouse [QEMU QEMU USB Tablet] on usb-0000:00:1d.7-1/input0
[    1.369423] Freeing unused kernel image (rodata/data gap) memory: 196K
[    1.371715] Run /sbin/init as init process
[    1.372385]   with arguments:
[    1.372386]     /sbin/init
[    1.372387]   with environment:
[    1.372388]     HOME=/
[    1.372388]     TERM=linux
[    1.372389]     BOOT_IMAGE=/boot/vmlinuz
[    1.441072] init: Console is alive
[    1.784985] kmodloader: loading kernel modules from /etc/modules-boot.d/*
[    1.803450] button_hotplug: loading out-of-tree module taints kernel.
[    1.804473] Button Hotplug driver version 0.4.1
[    1.805775] raid6: skipped pq benchmark and selected avx2x4
[    1.806598] raid6: using avx2x2 recovery algorithm
[    1.807499] xor: automatically using best checksumming function   avx       
[    1.832505] Btrfs loaded, zoned=no, fsverity=no
[    1.837376] Intel(R) 2.5G Ethernet Linux Driver
[    1.838119] Copyright(c) 2018 Intel Corporation.
[    1.839863] igb: Intel(R) Gigabit Ethernet Network Driver
[    1.840679] igb: Copyright (c) 2007-2014 Intel Corporation.
[    1.843192] i40e: Intel(R) Ethernet Connection XL710 Network Driver
[    1.844072] i40e: Copyright (c) 2013 - 2019 Intel Corporation.
[    1.941311] usbcore: registered new interface driver uas
[    2.031327] kmodloader: 1 module could not be probed
[    2.032036] kmodloader: - w83627hf_wdt - 0
[    2.039328] init: - preinit -
[    2.192452] 8021q: adding VLAN 0 to HW filter on device eth0
[    6.272911] Scanning for Btrfs filesystems
[    6.560186] mount_root: loading kmods from internal overlay
[    6.567992] kmodloader: loading kernel modules from //etc/modules-boot.d/*
[    6.751535] kmodloader: 1 module could not be probed
[    6.752252] kmodloader: - w83627hf_wdt - 0
[    6.774517] block: attempting to load /tmp/overlay/upper/etc/config/fstab
[    6.776948] block: unable to load configuration (fstab: Entry not found)
[    6.777856] block: attempting to load /tmp/overlay/etc/config/fstab
[    6.778701] block: unable to load configuration (fstab: Entry not found)
[    6.779575] block: attempting to load /etc/config/fstab
[    6.780326] block: unable to load configuration (fstab: Entry not found)
[    6.781662] block: no usable configuration
[    6.782918] loop0: detected capacity change from 0 to 2097152
[    6.830977] loop0: detected capacity change from 2097152 to 1816192
[    6.850352] F2FS-fs (loop0): Mounted with checkpoint version = 23d10e40
[    6.851375] block: attempting to load /tmp/f2fs_cfg/upper/etc/config/fstab
[    6.853068] block: extroot: not configured
[    6.901354] loop0: detected capacity change from 0 to 2097152
[    6.961211] loop0: detected capacity change from 2097152 to 1816192
[    6.964183] F2FS-fs (loop0): Mounted with checkpoint version = 23d10e42
[    6.965590] mount_root: loading kmods from internal overlay
[    6.971126] kmodloader: loading kernel modules from /tmp/overlay/upper/etc/modules-boot.d/*
[    6.972635] kmodloader: done loading kernel modules from /tmp/overlay/upper/etc/modules-boot.d/*
[    6.981998] block: attempting to load /tmp/overlay/upper/etc/config/fstab
[    6.983587] block: extroot: not configured
[    6.984487] block: attempting to load /tmp/f2fs_cfg/upper/etc/config/fstab
[    6.985416] block: extroot: not configured
[    6.986876] mount_root: switching to f2fs overlay
[    6.988853] overlayfs: null uuid detected in lower fs '/', falling back to xino=off,index=off,nfs_export=off.
[    7.061656] urandom-seed: Seeding with /etc/urandom.seed
[    7.076312] procd: - early -
[    7.240107] EXT4-fs (sda128): VFS: Can't find ext4 filesystem
[    7.244153] EXT4-fs (sda128): VFS: Can't find ext4 filesystem
[    7.245773] EXT4-fs (sda128): VFS: Can't find ext4 filesystem
[    7.247434] F2FS-fs (sda128): Magic Mismatch, valid(0xf2f52010) - read(0xd045893c)
[    7.248427] F2FS-fs (sda128): Can't find valid F2FS filesystem in 1th superblock
[    7.249867] F2FS-fs (sda128): Magic Mismatch, valid(0xf2f52010) - read(0xd2f00eea)
[    7.250805] F2FS-fs (sda128): Can't find valid F2FS filesystem in 2th superblock
[    7.253041] exFAT-fs (sda128): invalid boot record signature
[    7.253768] exFAT-fs (sda128): failed to read boot sector
[    7.254435] exFAT-fs (sda128): failed to recognize exfat type
[    7.255963] FAT-fs (sda128): invalid media value (0xe2)
[    7.256631] FAT-fs (sda128): Can't find a valid FAT filesystem
[    7.610474] procd: - ubus -
[    7.669528] procd: - init -
[    7.831834] urngd: v1.0.2 started.
[    7.893566] kmodloader: loading kernel modules from /etc/modules.d/*
[    7.950578] NET: Registered PF_ALG protocol family
[    7.957721] tun: Universal TUN/TAP device driver, 1.6
[    7.962430] e1000: Intel(R) PRO/1000 Network Driver
[    7.963200] e1000: Copyright (c) 1999-2006 Intel Corporation.
[    7.964424] igbvf: Intel(R) Gigabit Virtual Function Network Driver
[    7.965299] igbvf: Copyright (c) 2009 - 2012 Intel Corporation.
[    7.968235] ixgbe: Intel(R) 10 Gigabit PCI Express Network Driver
[    7.969105] ixgbe: Copyright (c) 1999-2016 Intel Corporation.
[    7.970738] ixgbevf: Intel(R) 10 Gigabit PCI Express Virtual Function Network Driver
[    7.971726] ixgbevf: Copyright (c) 2009 - 2018 Intel Corporation.
[    8.201633] i2c_dev: i2c /dev entries driver
[    8.203476] ntfs3: Enabled Linux POSIX ACLs support
[    8.205000] fuse: init (API version 7.41)
[    8.206024] usbcore: registered new interface driver cdc_wdm
[    8.207519] usbcore: registered new interface driver qmi_wwan_q
[    8.208980] 8139too: 8139too Fast Ethernet driver 0.9.28
[    8.211318] usbcore: registered new interface driver qmi_wwan_f
[    8.215922] usbcore: registered new interface driver asix
[    8.217550] usbcore: registered new interface driver ax88179_178a
[    8.219775] Bridge firewalling registered
[    8.221231] usbcore: registered new interface driver cdc_eem
[    8.222338] usbcore: registered new interface driver cdc_ether
[    8.223514] usbcore: registered new interface driver cdc_ncm
[    8.224484] usbcore: registered new interface driver cdc_subset
[    8.225454] Loading modules backported from Linux version v6.14.11-0-gb9d5d463c216
[    8.226414] Backport generated by backports.git v6.1.110-1-43-g2e32643b84e8
[    8.229676] e1000e: Intel(R) PRO/1000 Network Driver
[    8.230400] e1000e: Copyright(c) 1999 - 2015 Intel Corporation.
[    8.232382] usbcore: registered new interface driver huawei_cdc_ncm
[    8.234292] usbcore: registered new interface driver ipheth
[    8.237586] mc: Linux media interface: v0.10
[    8.241596] usbcore: registered new interface driver qmi_wwan
[    8.243392] usbcore: registered new device driver r8152-cfgselector
[    8.244262] usbcore: registered new interface driver r8152
[    8.245486] usbcore: registered new interface driver rndis_host
[    8.246579] usbcore: registered new interface driver rtl8150
[    8.248328] usbcore: registered new interface driver ums-alauda
[    8.249301] usbcore: registered new interface driver ums-cypress
[    8.250273] usbcore: registered new interface driver ums-datafab
[    8.251854] usbcore: registered new interface driver ums-freecom
[    8.253397] usbcore: registered new interface driver ums-isd200
[    8.254933] usbcore: registered new interface driver ums-jumpshot
[    8.256459] usbcore: registered new interface driver ums-karma
[    8.258000] usbcore: registered new interface driver ums-sddr09
[    8.259524] usbcore: registered new interface driver ums-sddr55
[    8.261124] usbcore: registered new interface driver ums-usbat
[    8.395042] xt_time: kernel timezone is -0000
[    8.396162] usbcore: registered new interface driver cdc_mbim
[    8.424542] PPP generic driver version 2.4.2
[    8.426044] PPP MPPE Compression module registered
[    8.426998] NET: Registered PF_PPPOX protocol family
[    8.428640] usbcore: registered new interface driver snd-usb-audio
[    8.430296] wireguard: WireGuard 1.0.0 loaded. See www.wireguard.com for information.
[    8.431268] wireguard: Copyright (C) 2015-2019 Jason A. Donenfeld &lt;Jason@zx2c4.com&gt;. All Rights Reserved.
[    8.891351] kmodloader: 3 modules could not be probed
[    8.894269] kmodloader: - w83627ehf - 0
[    8.895188] kmodloader: - w83627hf - 0
[    8.895691] kmodloader: - w83627hf_wdt - 0
[    9.820786] 8021q: adding VLAN 0 to HW filter on device eth0
[    9.822314] br-lan: port 1(eth0) entered blocking state
[    9.823067] br-lan: port 1(eth0) entered disabled state
[    9.823907] virtio_net virtio1 eth0: entered allmulticast mode
[    9.824785] virtio_net virtio1 eth0: entered promiscuous mode
[   10.901027] br-lan: port 1(eth0) entered blocking state
[   10.901659] br-lan: port 1(eth0) entered forwarding state
[   14.807953] overlay: filesystem on /opt/docker/check-overlayfs-support752673523/upper not supported as upperdir</textarea><div style="padding-bottom: 20px"><button id="scrollUpButton" class="cbi-button cbi-button-neutral">滚动到顶部</button></div></div></div>



	</div>
	<footer>
		<span>
			Powered by
			<a href="https://github.com/openwrt/luci" target="_blank" rel="noreferrer">
				LuCI Master (25.223.43876~c376aa8)</a>
			/
			<a href="https://immortalwrt.org/" target="_blank" rel="noreferrer">
				ImmortalWrt SNAPSHOT (r0-e961221)</a>
		</span>
		<ul class="breadcrumb pull-right" id="modemenu" style="display:none"><li class="active"><a href="/cgi-bin/luci/admin">管理权</a></li></ul>
	</footer>
	<script>L.require('menu-design')</script>




<div id="modal_overlay" tabindex="-1"><div class="modal" role="dialog" aria-modal="true"></div></div><div class="cbi-tooltip"></div></body></html>